20:17:09 **** Incremental Build of configuration Debug for project LED_BLINK_DAY_1 ****
make -j16 all 
arm-none-eabi-size  LED_BLINK_DAY_1.elf 
   text	   data	    bss	    dec	    hex	filename
    712	      0	   1568	   2280	    8e8	LED_BLINK_DAY_1.elf
Finished building: default.size.stdout
 
21:11:29 **** Incremental Build of configuration Debug for project LED_BLINK_DAY_1 ****
make -j16 all 
arm-none-eabi-size  LED_BLINK_DAY_1.elf 
   text	   data	    bss	    dec	    hex	filename
    712	      0	   1568	   2280	    8e8	LED_BLINK_DAY_1.elf
Finished building: default.size.stdout
 
