22:04:20 **** Incremental Build of configuration Debug for project TEMPERATURE_LM35_ADC ****
make -j16 all 
arm-none-eabi-size  TEMPERATURE_LM35_ADC.elf 
   text	   data	    bss	    dec	    hex	filename
  15444	    456	   1904	  17804	   458c	TEMPERATURE_LM35_ADC.elf
Finished building: default.size.stdout
 
22:04:29 **** Incremental Build of configuration Debug for project TEMPERATURE_LM35_ADC ****
make -j16 all 
arm-none-eabi-size  TEMPERATURE_LM35_ADC.elf 
   text	   data	    bss	    dec	    hex	filename
  15444	    456	   1904	  17804	   458c	TEMPERATURE_LM35_ADC.elf
Finished building: default.size.stdout
 
21:22:32 **** Build of configuration Debug for project First_Project_Learning ****
make -j16 all 
arm-none-eabi-size  First_Project_Learning.elf 
   text	   data	    bss	    dec	    hex	filename
   3504	     92	   1900	   5496	   1578	First_Project_Learning.elf
Finished building: default.size.stdout
 
21:22:33 **** Build of configuration Debug for project LEARN_DRIVERS ****
make -j16 all 
arm-none-eabi-gcc -mcpu=cortex-m4 -g3 -DDEBUG -c -x assembler-with-cpp -MMD -MP -MF"Startup/startup_stm32f446retx.d" -MT"Startup/startup_stm32f446retx.o" --specs=nano.specs -mfpu=fpv4-sp-d16 -mfloat-abi=hard -mthumb -o "Startup/startup_stm32f446retx.o" "../Startup/startup_stm32f446retx.s"
arm-none-eabi-gcc "../Src/main.c" -mcpu=cortex-m4 -std=gnu11 -g3 -DDEBUG -DSTM32 -DSTM32F4 -DSTM32F446RETx -DNUCLEO_F446RE -c -I../Inc -O0 -ffunction-sections -fdata-sections -Wall -fstack-usage -fcyclomatic-complexity -MMD -MP -MF"Src/main.d" -MT"Src/main.o" --specs=nano.specs -mfpu=fpv4-sp-d16 -mfloat-abi=hard -mthumb -o "Src/main.o"
arm-none-eabi-gcc "../Src/syscalls.c" -mcpu=cortex-m4 -std=gnu11 -g3 -DDEBUG -DSTM32 -DSTM32F4 -DSTM32F446RETx -DNUCLEO_F446RE -c -I../Inc -O0 -ffunction-sections -fdata-sections -Wall -fstack-usage -fcyclomatic-complexity -MMD -MP -MF"Src/syscalls.d" -MT"Src/syscalls.o" --specs=nano.specs -mfpu=fpv4-sp-d16 -mfloat-abi=hard -mthumb -o "Src/syscalls.o"
arm-none-eabi-gcc "../Src/sysmem.c" -mcpu=cortex-m4 -std=gnu11 -g3 -DDEBUG -DSTM32 -DSTM32F4 -DSTM32F446RETx -DNUCLEO_F446RE -c -I../Inc -O0 -ffunction-sections -fdata-sections -Wall -fstack-usage -fcyclomatic-complexity -MMD -MP -MF"Src/sysmem.d" -MT"Src/sysmem.o" --specs=nano.specs -mfpu=fpv4-sp-d16 -mfloat-abi=hard -mthumb -o "Src/sysmem.o"
../Src/main.c:22:4: warning: #warning "FPU is not initialized, but the project is compiling for an FPU. Please initialize the FPU before use." [-Wcpp]
   22 |   #warning "FPU is not initialized, but the project is compiling for an FPU. Please initialize the FPU before use."
      |    ^~~~~~~
arm-none-eabi-gcc -o "LEARN_DRIVERS.elf" @"objects.list"   -mcpu=cortex-m4 -T"C:\Users\MinnuDiary\Desktop\Embedded System_B1\STM32_BARE_METAL\LEARN_DRIVERS\STM32F446RETX_FLASH.ld" --specs=nosys.specs -Wl,-Map="LEARN_DRIVERS.map" -Wl,--gc-sections -static --specs=nano.specs -mfpu=fpv4-sp-d16 -mfloat-abi=hard -mthumb -Wl,--start-group -lc -lm -Wl,--end-group
Finished building target: LEARN_DRIVERS.elf
 
arm-none-eabi-size  LEARN_DRIVERS.elf 
arm-none-eabi-objdump -h -S LEARN_DRIVERS.elf  > "LEARN_DRIVERS.list"
   text	   data	    bss	    dec	    hex	filename
    712	      0	   1568	   2280	    8e8	LEARN_DRIVERS.elf
Finished building: default.size.stdout
 
Finished building: LEARN_DRIVERS.list
 
21:22:35 **** Build of configuration Debug for project LED_BLINK_DAY_1 ****
make -j16 all 
arm-none-eabi-size  LED_BLINK_DAY_1.elf 
   text	   data	    bss	    dec	    hex	filename
   5160	     92	   1900	   7152	   1bf0	LED_BLINK_DAY_1.elf
Finished building: default.size.stdout
 
21:22:36 **** Incremental Build of configuration Debug for project TEMPERATURE_LM35_ADC ****
make -j16 all 
arm-none-eabi-size  TEMPERATURE_LM35_ADC.elf 
   text	   data	    bss	    dec	    hex	filename
  15444	    456	   1904	  17804	   458c	TEMPERATURE_LM35_ADC.elf
Finished building: default.size.stdout
 
